// Jest Snapshot v1, https://goo.gl/fbAQLP

exports[`components Container renders correctly 1`] = `
<DocumentFragment>
  <div
    class="container"
  >
    <p>
      Text
    </p>
  </div>
</DocumentFragment>
`;
