// Jest Snapshot v1, https://goo.gl/fbAQLP

exports[`components Profile renders correctly 1`] = `
<DocumentFragment>
  <div>
    <main>
      <section
        class="horizontal-section"
      >
        <div
          class="container"
        >
          <p>
            I develop software for a living, and then I go home and continue thinking about software because I just can't get enough.
          </p>
          <p>
            I'm a full-stack engineer with infrastructure skills. I've led multiple agile delivery teams, being an individual contributor, driving architecture topics, and coaching and supporting other team members.
          </p>
          <p>
            I believe in high-quality software and advocate for Continuous Delivery, Test Driven Development, and quick iteration. I 
            <a
              href="/blog"
            >
              write
            </a>
             and 
            <a
              href="/talks"
            >
              speak
            </a>
             about my experience regularly. Needless to say, all the opinions expressed in this blog are mine and only mine.
          </p>
        </div>
      </section>
      <section
        class="horizontal-section bg-primary text-white"
        id="techs"
      >
        <div
          class="technologies"
        >
          <div
            class="container"
          >
            <h2
              class="section-heading text-center"
            >
              Technologies
            </h2>
            <p>
              Following the 
              <a
                class="text-dark"
                href="https://www.amazon.com/Pragmatic-Programmer-Journeyman-Master/dp/020161622X"
              >
                Pragmatic Programmer
              </a>
               advice, I try to learn some new technology every year. My github account is full of small projects I have started to teach myself new things, such as this page itself. A list of them, in no particular order
            </p>
            <ul
              class="techList"
            >
              <li
                class="tech"
                data-placement="top"
                data-toggle="tooltip"
                title="Ruby"
              >
                <i
                  class="tech-icon devicon-ruby-plain"
                  data-emergence="hidden"
                />
              </li>
              <li
                class="tech"
                data-placement="top"
                data-toggle="tooltip"
                title="Rails"
              >
                <i
                  class="tech-icon devicon-rails-plain"
                  data-emergence="hidden"
                />
              </li>
              <li
                class="tech"
                data-placement="top"
                data-toggle="tooltip"
                title="JavaScript"
              >
                <i
                  class="tech-icon devicon-javascript-plain"
                  data-emergence="hidden"
                />
              </li>
              <li
                class="tech"
                data-placement="top"
                data-toggle="tooltip"
                title="TypeScript"
              >
                <i
                  class="tech-icon devicon-typescript-plain"
                  data-emergence="hidden"
                />
              </li>
              <li
                class="tech"
                data-placement="top"
                data-toggle="tooltip"
                title="React"
              >
                <i
                  class="tech-icon devicon-react-plain"
                  data-emergence="hidden"
                />
              </li>
              <li
                class="tech"
                data-placement="top"
                data-toggle="tooltip"
                title="SQL"
              >
                <i
                  class="tech-icon devicon-mysql-plain"
                  data-emergence="hidden"
                />
              </li>
              <li
                class="tech"
                data-placement="top"
                data-toggle="tooltip"
                title="Docker"
              >
                <i
                  class="tech-icon devicon-docker-plain"
                  data-emergence="hidden"
                />
              </li>
              <li
                class="tech"
                data-placement="top"
                data-toggle="tooltip"
                title="HTML"
              >
                <i
                  class="tech-icon devicon-html5-plain"
                  data-emergence="hidden"
                />
              </li>
              <li
                class="tech"
                data-placement="top"
                data-toggle="tooltip"
                title="CSS"
              >
                <i
                  class="tech-icon devicon-css3-plain"
                  data-emergence="hidden"
                />
              </li>
              <li
                class="tech"
                data-placement="top"
                data-toggle="tooltip"
                title="Python"
              >
                <i
                  class="tech-icon devicon-python-plain"
                  data-emergence="hidden"
                />
              </li>
              <li
                class="tech"
                data-placement="top"
                data-toggle="tooltip"
                title="Java"
              >
                <i
                  class="tech-icon devicon-java-plain"
                  data-emergence="hidden"
                />
              </li>
              <li
                class="tech"
                data-placement="top"
                data-toggle="tooltip"
                title="AWS"
              >
                <i
                  class="tech-icon devicon-amazonwebservices-plain"
                  data-emergence="hidden"
                />
              </li>
              <li
                class="tech"
                data-placement="top"
                data-toggle="tooltip"
                title="Kubernetes"
              >
                <i
                  class="tech-icon devicon-kubernetes-plain"
                  data-emergence="hidden"
                />
              </li>
            </ul>
          </div>
        </div>
      </section>
      <section
        class="horizontal-section"
        id="tools"
      >
        <div
          class="container"
        >
          <h2
            class="section-heading text-center"
          >
            Tools
          </h2>
          <hr
            class="border-white"
          />
          <p>
            I am a bit picky about the tools I use. Actually, I am 
            <b>
              very picky
            </b>
            . I cannot remember how many times I did rewrite my shell config in the past. It is problematic for pair programming because I usually am the only one that can work at my computer.
          </p>
          <p>
            Nowadays I try to at least outsource my configurations a bit, using some awesome community driven ones like 
            <a
              href="http://spacemacs.org"
              rel="noopener noreferrer"
              target="_blank"
            >
              Spacemacs
            </a>
             and 
            <a
              href="https://github.com/robbyrussell/oh-my-zsh"
              rel="noopener noreferrer"
              target="_blank"
            >
              Oh My Zsh
            </a>
            .
          </p>
          <ul
            class="text-center"
          >
            <li
              class="me-1 mb-1 badge bg-secondary rounded-pill"
            >
              spacemacs
            </li>
            <li
              class="me-1 mb-1 badge bg-secondary rounded-pill"
            >
              zsh
            </li>
            <li
              class="me-1 mb-1 badge bg-secondary rounded-pill"
            >
              git
            </li>
            <li
              class="me-1 mb-1 badge bg-secondary rounded-pill"
            >
              tmux
            </li>
            <li
              class="me-1 mb-1 badge bg-secondary rounded-pill"
            >
              Google Chrome
            </li>
            <li
              class="me-1 mb-1 badge bg-secondary rounded-pill"
            >
              hammerspoon
            </li>
            <li
              class="me-1 mb-1 badge bg-secondary rounded-pill"
            >
              Alfred
            </li>
            <li
              class="me-1 mb-1 badge bg-secondary rounded-pill"
            >
              Dash
            </li>
            <li
              class="me-1 mb-1 badge bg-secondary rounded-pill"
            >
              trello
            </li>
          </ul>
        </div>
      </section>
    </main>
    <footer
      class="footer text-center"
    >
      <div>
        Copyright Â© 2022, 
        <a
          href="http://creativecommons.org/licenses/by-nc-sa/4.0/"
          rel="noopener noreferrer"
          target="_blank"
        >
          Licensed under Creative Commons Attribution-NonCommercial-ShareAlike 4.0 International License.
        </a>
      </div>
      Favicon courtesy of 
      <a
        href="https://icons8.com/"
        rel="noopener noreferrer"
        target="_blank"
      >
        Icons8
      </a>
       
    </footer>
  </div>
</DocumentFragment>
`;
